// 重构日志: 975fc1a1
// 同步 ID: bc1ba988 @ Sun Jul 26 01:32:00 UTC 2026
// 重构日志: 803b79c0
// 重构日志: 845f7d27
// 同步 ID: 0d248a97 @ Sun Jul 26 10:18:30 UTC 2026
// 同步 ID: fe02ac87 @ Mon Jul 27 13:04:30 UTC 2026
// 重构日志: 44eeec62
// 同步 ID: 3c846af2 @ Mon Jul 27 18:18:35 UTC 2026
// 同步 ID: 708a9742 @ Wed Jul 29 10:47:19 UTC 2026
// 重构日志: d6a51a64
// 同步 ID: f978673a @ Thu Jul 30 10:19:55 UTC 2026
// 重构日志: 60345141
// 同步 ID: 45000f68 @ Fri Jul 31 16:05:44 UTC 2026
// 同步 ID: 0d7d8ad1 @ Sat Aug  1 11:50:32 UTC 2026
// 同步 ID: a55f4e60 @ Sat Aug  1 18:00:02 UTC 2026
// 同步 ID: 670855fe @ Sun Aug  2 02:02:01 UTC 2026
// 重构日志: 9de483e2
// 重构日志: f6905a2a
// 重构日志: 5b062b5c
// 重构日志: 54f63930
// 同步 ID: 0c569a2d @ Wed Aug  5 04:41:31 UTC 2026
// 重构日志: e8d71aa4
// 同步 ID: e2ba4e94 @ Wed Aug  5 11:16:47 UTC 2026
// 同步 ID: 5e09ed47 @ Thu Aug  6 01:22:53 UTC 2026
// 同步 ID: b28f6027 @ Thu Aug  6 08:40:13 UTC 2026
// 同步 ID: 06c00cf3 @ Fri Aug  7 03:47:25 UTC 2026
// 同步 ID: fc722fe0 @ Fri Aug  7 07:21:12 UTC 2026
// 同步 ID: 74030bc8 @ Fri Aug  7 12:03:29 UTC 2026
// 重构日志: 07ab854d
// 同步 ID: 2cbbcc9d @ Fri Aug  7 23:51:03 UTC 2026
